Package: minimal
Version: 1.0.0
Section: default
Priority: extra
Architecture: arm64
Maintainer: Soandso <soandso@example.com>
Installed-Size: 0
Description: Minimal does nothing
